// Jest Snapshot v1, https://goo.gl/fbAQLP

exports[`NotFound component should render successfully 1`] = `
<h1
  className="not-found__Title-gPmEgc cFWGSp"
>
  404 
  <br />
  Page not found
</h1>
`;
